

! Sorry, but C:\Users\jauto\AppData\Local\Programs\MiKTeX\miktex\bin\x64\pdflatex.exe did not succeed.

! The log file hopefully contains the information to get MiKTeX going again:

!   C:\Users\jauto\AppData\Local\MiKTeX\miktex\log\pdflatex.log
